// Jest Snapshot v1, https://goo.gl/fbAQLP

exports[`KBA Question component should render correctly 1`] = `
<div
  className="question"
>
  <h5
    className="question__title todo-heading"
  >
    In which county have you lived?
  </h5>
  <ul
    className="question__answers margin-bottom-32 list-unstyled"
  >
    <li
      className="question__answer"
      key="current.county.b-FULTON"
    >
      <label
        className="question__answer-text"
      >
        <input
          checked={false}
          className="question__answer-selection todo-radio"
          disabled={false}
          name="answer"
          onChange={[Function]}
          type="radio"
          value="FULTON"
        />
        <span
          className="question__answer-radio todo-radio-selector"
        />
        FULTON
      </label>
    </li>
    <li
      className="question__answer"
      key="current.county.b-APPANOOSE"
    >
      <label
        className="question__answer-text"
      >
        <input
          checked={false}
          className="question__answer-selection todo-radio"
          disabled={false}
          name="answer"
          onChange={[Function]}
          type="radio"
          value="APPANOOSE"
        />
        <span
          className="question__answer-radio todo-radio-selector"
        />
        APPANOOSE
      </label>
    </li>
    <li
      className="question__answer"
      key="current.county.b-LAFAYETTE"
    >
      <label
        className="question__answer-text"
      >
        <input
          checked={false}
          className="question__answer-selection todo-radio"
          disabled={false}
          name="answer"
          onChange={[Function]}
          type="radio"
          value="LAFAYETTE"
        />
        <span
          className="question__answer-radio todo-radio-selector"
        />
        LAFAYETTE
      </label>
    </li>
    <li
      className="question__answer"
      key="current.county.b-None of the above"
    >
      <label
        className="question__answer-text"
      >
        <input
          checked={false}
          className="question__answer-selection todo-radio"
          disabled={false}
          name="answer"
          onChange={[Function]}
          type="radio"
          value="None of the above"
        />
        <span
          className="question__answer-radio todo-radio-selector"
        />
        None of the above
      </label>
    </li>
  </ul>
  <button
    className="btn btn-todo center-block question__next"
    disabled={true}
    onClick={[Function]}
    type="button"
  >
    Next
  </button>
</div>
`;
